11:10:38 **** Incremental Build of configuration Debug for project 7_linkerscript-storage ****
make -j8 all 
arm-none-eabi-gcc "../Src/main.c" -mcpu=cortex-m4 -std=gnu11 -g3 -DDEBUG -DSTM32 -DSTM32F4 -DSTM32F411RETx -DSTM32F411xE -c -I../Inc -I"C:/Users/Gaming Laptop RTX/Documents/BootloaderGroundUp/7_linkerscript-storage/chip_headers/CMSIS/Include" -I"C:/Users/Gaming Laptop RTX/Documents/BootloaderGroundUp/7_linkerscript-storage/chip_headers/CMSIS/Device/ST/STM32F4xx/Include" -O0 -ffunction-sections -fdata-sections -Wall -fstack-usage -MMD -MP -MF"Src/main.d" -MT"Src/main.o" --specs=nano.specs -mfpu=fpv4-sp-d16 -mfloat-abi=hard -mthumb -o "Src/main.o"
arm-none-eabi-gcc -o "7_linkerscript-storage.elf" @"objects.list"   -mcpu=cortex-m4 -T"C:\Users\Gaming Laptop RTX\Documents\BootloaderGroundUp\7_linkerscript-storage\STM32F411RETX_FLASH.ld" --specs=nosys.specs -Wl,-Map="7_linkerscript-storage.map" -Wl,--gc-sections -static --specs=nano.specs -mfpu=fpv4-sp-d16 -mfloat-abi=hard -mthumb -Wl,--start-group -lc -lm -Wl,--end-group
Finished building target: 7_linkerscript-storage.elf
 
arm-none-eabi-objdump -h -S  7_linkerscript-storage.elf  > "7_linkerscript-storage.list"
arm-none-eabi-objcopy  -O binary  7_linkerscript-storage.elf  "7_linkerscript-storage.bin"
arm-none-eabi-size   7_linkerscript-storage.elf 
   text	   data	    bss	    dec	    hex	filename
   1392	     18	   1586	   2996	    bb4	7_linkerscript-storage.elf
Finished building: default.size.stdout
 
Finished building: 7_linkerscript-storage.list
Finished building: 7_linkerscript-storage.bin
 
 

11:10:39 Build Finished. 0 errors, 0 warnings. (took 1s.91ms)

